     1                                  
     2                                  ;%%%%%%%%%%%%%%%%%%%%%%%
     3                                  ;assemble and link with 
     4                                  ;nasm -f win32 -o P1.o P1.asm -l P1.lst
     5                                  ;gcc -o P1.exe P1.o
     6                                  ;%%%%%%%%%%%%%%%%%%%%%%%
     7                                  ;---------------------------------------
     8                                  
     9                                  ;file:  P1.asm
    10                                  
    11                                  extern _printf, _scanf		
    12                                  
    13                                  segment .data
    14 00000000 0600                    	n dw 6
    15                                  segment .bss
    16 00000000 <res 00000001>          	esprimo resb 1
    17 00000001 <res 00000002>          	medio resw	1
    18 00000003 <res 00000001>          	noprimo resb 1
    19                                  segment .text 
    20                                  
    21                                  global _main 					
    22                                  _main:
    23                                  ;---------------------------------------	
    24 00000000 31C9                    	xor ecx,ecx
    25 00000002 31D2                    	xor edx,edx
    26 00000004 B901000000              	mov ecx,1
    27 00000009 66BB0200                	mov bx,2
    28                                  	;divide el numero entrante y lo pasa a dx
    29 0000000D 66A1[00000000]          	mov ax,[n]
    30 00000013 66F7F3                  	div bx
    31 00000016 6698                    	cbw 
    32 00000018 66A3[01000000]          	mov [medio],ax
    33 0000001E 31C0                    	xor eax,eax
    34                                  	;
    35 00000020 B401                    	mov ah,1
    36                                  	
    37 00000022 663B1D[01000000]        	ciclo:  cmp bx,[medio]
    38 00000029 7712                    			ja salir
    39 0000002B 66A1[00000000]          			mov ax,[n]
    40 00000031 F6F3                    			div bl
    41 00000033 80FC00                  			cmp ah,0
    42 00000036 7405                    			jz salir
    43 00000038 41                      			inc ecx
    44 00000039 6643                    			inc bx
    45 0000003B EBE5                    	jmp ciclo
    46 0000003D 83F901                  salir:  cmp ecx,1
    47 00000040 7508                    		jnz primo
    48 00000042 8825[03000000]          		mov [noprimo],ah
    49 00000048 EB06                    		jmp exit
    50 0000004A 8825[00000000]          	primo: mov[esprimo],ah
    51 00000050 C3                      	exit:	ret
    52                                  ;---------------------------------------
    53                                  ;..........subrutina....................	
    54                                  
    55                                  
    56                                  
    57                                  
